2025-12-05T00:17:46.936+03:00  WARN 26536 --- [country] [HikariPool-1:housekeeper] com.zaxxer.hikari.pool.HikariPool        : HikariPool-1 - Thread starvation or clock leap detected (housekeeper delta=1h46m7s140ms91µs300ns).
2025-12-05T10:29:28.509+03:00  WARN 26536 --- [country] [HikariPool-1:housekeeper] com.zaxxer.hikari.pool.HikariPool        : HikariPool-1 - Thread starvation or clock leap detected (housekeeper delta=10h11m46s602ms768µs300ns).
2025-12-05T11:10:36.234+03:00  INFO 26536 --- [country] [http-nio-8088-exec-2] r.s.country.controller.VisitController   : Called post add
2025-12-05T11:10:36.329+03:00 DEBUG 26536 --- [country] [http-nio-8088-exec-2] org.hibernate.SQL                        : select count(*) from users ue1_0 where ue1_0.id=?
2025-12-05T11:10:36.378+03:00 DEBUG 26536 --- [country] [http-nio-8088-exec-2] org.hibernate.SQL                        : select ve1_0.id,ve1_0.archived,ve1_0.country,ve1_0.last_modify_date,ve1_0.rating,ve1_0.user_id from visit ve1_0 where ve1_0.id=?
2025-12-05T11:10:36.399+03:00  INFO 26536 --- [country] [http-nio-8088-exec-2] r.sentidas.country.service.VisitService  : Created visit d48fd5f4-c51e-40b3-aefb-77c37bb16e45 for user 0e356b1b-04e7-463a-9afd-10d0bf3cc691
2025-12-05T11:10:36.416+03:00 DEBUG 26536 --- [country] [http-nio-8088-exec-2] org.hibernate.SQL                        : insert into visit (archived,country,last_modify_date,rating,user_id,id) values (?,?,?,?,?,?)
2025-12-05T11:10:54.244+03:00  INFO 26536 --- [country] [SpringApplicationShutdownHook] o.s.b.w.e.tomcat.GracefulShutdown        : Commencing graceful shutdown. Waiting for active requests to complete
2025-12-05T11:10:54.292+03:00  INFO 26536 --- [country] [tomcat-shutdown] o.s.b.w.e.tomcat.GracefulShutdown        : Graceful shutdown complete
2025-12-05T11:10:54.426+03:00  INFO 26536 --- [country] [SpringApplicationShutdownHook] j.LocalContainerEntityManagerFactoryBean : Closing JPA EntityManagerFactory for persistence unit 'default'
2025-12-05T11:10:54.516+03:00  INFO 26536 --- [country] [SpringApplicationShutdownHook] com.zaxxer.hikari.HikariDataSource       : HikariPool-1 - Shutdown initiated...
2025-12-05T11:10:54.539+03:00  INFO 26536 --- [country] [SpringApplicationShutdownHook] com.zaxxer.hikari.HikariDataSource       : HikariPool-1 - Shutdown completed.
2025-12-05T14:15:43.312+03:00  INFO 2880 --- [country] [main] ru.sentidas.country.CountryApplication   : Starting CountryApplication using Java 21.0.6 with PID 2880 (C:\Users\user\projects\2025\visit2\country\build\classes\java\main started by user in C:\Users\user\projects\2025\visit2)
2025-12-05T14:15:43.314+03:00 DEBUG 2880 --- [country] [main] ru.sentidas.country.CountryApplication   : Running with Spring Boot v3.5.8, Spring v6.2.14
2025-12-05T14:15:43.314+03:00  INFO 2880 --- [country] [main] ru.sentidas.country.CountryApplication   : The following 1 profile is active: "local"
2025-12-05T14:15:44.175+03:00  INFO 2880 --- [country] [main] .s.d.r.c.RepositoryConfigurationDelegate : Bootstrapping Spring Data JPA repositories in DEFAULT mode.
2025-12-05T14:15:44.214+03:00  INFO 2880 --- [country] [main] .s.d.r.c.RepositoryConfigurationDelegate : Finished Spring Data repository scanning in 32 ms. Found 2 JPA repository interfaces.
2025-12-05T14:15:44.588+03:00  INFO 2880 --- [country] [main] o.s.b.w.embedded.tomcat.TomcatWebServer  : Tomcat initialized with port 8088 (http)
2025-12-05T14:15:44.601+03:00  INFO 2880 --- [country] [main] o.apache.catalina.core.StandardService   : Starting service [Tomcat]
2025-12-05T14:15:44.601+03:00  INFO 2880 --- [country] [main] o.apache.catalina.core.StandardEngine    : Starting Servlet engine: [Apache Tomcat/10.1.49]
2025-12-05T14:15:44.657+03:00  INFO 2880 --- [country] [main] o.a.c.c.C.[Tomcat].[localhost].[/]       : Initializing Spring embedded WebApplicationContext
2025-12-05T14:15:44.657+03:00  INFO 2880 --- [country] [main] w.s.c.ServletWebServerApplicationContext : Root WebApplicationContext: initialization completed in 1311 ms
2025-12-05T14:15:44.911+03:00  WARN 2880 --- [country] [main] com.zaxxer.hikari.HikariConfig           : HikariPool-1 - maxLifetime is less than 30000ms, setting to default 1800000ms.
2025-12-05T14:15:44.912+03:00  INFO 2880 --- [country] [main] com.zaxxer.hikari.HikariDataSource       : HikariPool-1 - Starting...
2025-12-05T14:15:45.344+03:00  INFO 2880 --- [country] [main] com.zaxxer.hikari.pool.HikariPool        : HikariPool-1 - Added connection com.mysql.cj.jdbc.ConnectionImpl@40a28bda
2025-12-05T14:15:45.346+03:00  INFO 2880 --- [country] [main] com.zaxxer.hikari.HikariDataSource       : HikariPool-1 - Start completed.
2025-12-05T14:15:45.413+03:00  INFO 2880 --- [country] [main] org.flywaydb.core.FlywayExecutor         : Database: jdbc:mysql://127.0.0.1:3306/country?serverTimezone=UTC&createDatabaseIfNotExist=true (MySQL 8.0)
2025-12-05T14:15:45.492+03:00  INFO 2880 --- [country] [main] o.f.core.internal.command.DbValidate     : Successfully validated 1 migration (execution time 00:00.042s)
2025-12-05T14:15:45.515+03:00  INFO 2880 --- [country] [main] o.f.core.internal.command.DbMigrate      : Current version of schema `country`: 1
2025-12-05T14:15:45.520+03:00  INFO 2880 --- [country] [main] o.f.core.internal.command.DbMigrate      : Schema `country` is up to date. No migration necessary.
2025-12-05T14:15:45.642+03:00  INFO 2880 --- [country] [main] o.hibernate.jpa.internal.util.LogHelper  : HHH000204: Processing PersistenceUnitInfo [name: default]
2025-12-05T14:15:45.707+03:00  INFO 2880 --- [country] [main] org.hibernate.Version                    : HHH000412: Hibernate ORM core version 6.6.36.Final
2025-12-05T14:15:45.761+03:00  INFO 2880 --- [country] [main] o.h.c.internal.RegionFactoryInitiator    : HHH000026: Second-level cache disabled
2025-12-05T14:15:46.201+03:00  INFO 2880 --- [country] [main] o.s.o.j.p.SpringPersistenceUnitInfo      : No LoadTimeWeaver setup: ignoring JPA class transformer
2025-12-05T14:15:46.309+03:00  INFO 2880 --- [country] [main] org.hibernate.orm.connections.pooling    : HHH10001005: Database info:
	Database JDBC URL [Connecting through datasource 'HikariDataSource (HikariPool-1)']
	Database driver: undefined/unknown
	Database version: 8.0.43
	Autocommit mode: undefined/unknown
	Isolation level: undefined/unknown
	Minimum pool size: undefined/unknown
	Maximum pool size: undefined/unknown
2025-12-05T14:15:47.879+03:00  INFO 2880 --- [country] [main] o.h.e.t.j.p.i.JtaPlatformInitiator       : HHH000489: No JTA platform available (set 'hibernate.transaction.jta.platform' to enable JTA platform integration)
2025-12-05T14:15:47.883+03:00  INFO 2880 --- [country] [main] j.LocalContainerEntityManagerFactoryBean : Initialized JPA EntityManagerFactory for persistence unit 'default'
2025-12-05T14:15:48.300+03:00  INFO 2880 --- [country] [main] o.s.d.j.r.query.QueryEnhancerFactory     : Hibernate is in classpath; If applicable, HQL parser will be used.
2025-12-05T14:15:49.115+03:00  WARN 2880 --- [country] [main] JpaBaseConfiguration$JpaWebConfiguration : spring.jpa.open-in-view is enabled by default. Therefore, database queries may be performed during view rendering. Explicitly configure spring.jpa.open-in-view to disable this warning
2025-12-05T14:15:49.679+03:00  INFO 2880 --- [country] [main] o.s.b.a.e.web.EndpointLinksResolver      : Exposing 1 endpoint beneath base path '/actuator'
2025-12-05T14:15:49.751+03:00  INFO 2880 --- [country] [main] o.s.b.w.embedded.tomcat.TomcatWebServer  : Tomcat started on port 8088 (http) with context path '/'
2025-12-05T14:15:49.760+03:00  INFO 2880 --- [country] [main] ru.sentidas.country.CountryApplication   : Started CountryApplication in 6.975 seconds (process running for 16.843)
2025-12-05T14:17:32.362+03:00  INFO 2880 --- [country] [http-nio-8088-exec-1] o.a.c.c.C.[Tomcat].[localhost].[/]       : Initializing Spring DispatcherServlet 'dispatcherServlet'
2025-12-05T14:17:32.363+03:00  INFO 2880 --- [country] [http-nio-8088-exec-1] o.s.web.servlet.DispatcherServlet        : Initializing Servlet 'dispatcherServlet'
2025-12-05T14:17:32.366+03:00  INFO 2880 --- [country] [http-nio-8088-exec-1] o.s.web.servlet.DispatcherServlet        : Completed initialization in 3 ms
2025-12-05T14:17:32.548+03:00  INFO 2880 --- [country] [http-nio-8088-exec-1] r.s.country.controller.VisitController   : Called post add
2025-12-05T14:17:32.691+03:00 DEBUG 2880 --- [country] [http-nio-8088-exec-1] org.hibernate.SQL                        : select count(*) from users ue1_0 where ue1_0.id=?
2025-12-05T14:17:32.745+03:00 DEBUG 2880 --- [country] [http-nio-8088-exec-1] org.hibernate.SQL                        : select ve1_0.id,ve1_0.archived,ve1_0.country,ve1_0.last_modify_date,ve1_0.rating,ve1_0.user_id from visit ve1_0 where ve1_0.id=?
2025-12-05T14:17:32.787+03:00  INFO 2880 --- [country] [http-nio-8088-exec-1] r.sentidas.country.service.VisitService  : Created visit 34ab7146-c706-43d4-863b-49faa8cb917a for user 0e356b1b-04e7-463a-9afd-10d0bf3cc691
2025-12-05T14:17:32.815+03:00 DEBUG 2880 --- [country] [http-nio-8088-exec-1] org.hibernate.SQL                        : insert into visit (archived,country,last_modify_date,rating,user_id,id) values (?,?,?,?,?,?)
2025-12-05T14:33:34.481+03:00  INFO 2880 --- [country] [SpringApplicationShutdownHook] o.s.b.w.e.tomcat.GracefulShutdown        : Commencing graceful shutdown. Waiting for active requests to complete
2025-12-05T14:33:34.488+03:00  INFO 2880 --- [country] [tomcat-shutdown] o.s.b.w.e.tomcat.GracefulShutdown        : Graceful shutdown complete
2025-12-05T14:33:34.497+03:00  INFO 2880 --- [country] [SpringApplicationShutdownHook] j.LocalContainerEntityManagerFactoryBean : Closing JPA EntityManagerFactory for persistence unit 'default'
2025-12-05T14:33:34.500+03:00  INFO 2880 --- [country] [SpringApplicationShutdownHook] com.zaxxer.hikari.HikariDataSource       : HikariPool-1 - Shutdown initiated...
2025-12-05T14:33:34.509+03:00  INFO 2880 --- [country] [SpringApplicationShutdownHook] com.zaxxer.hikari.HikariDataSource       : HikariPool-1 - Shutdown completed.
2026-01-14T16:11:04.157+03:00  INFO 25228 --- [country] [main] ru.sentidas.country.CountryApplication   : Starting CountryApplication using Java 21.0.6 with PID 25228 (C:\Users\user\projects\2026\visit\country\build\classes\java\main started by user in C:\Users\user\projects\2026\visit)
2026-01-14T16:11:04.159+03:00 DEBUG 25228 --- [country] [main] ru.sentidas.country.CountryApplication   : Running with Spring Boot v3.5.8, Spring v6.2.14
2026-01-14T16:11:04.159+03:00  INFO 25228 --- [country] [main] ru.sentidas.country.CountryApplication   : No active profile set, falling back to 1 default profile: "default"
2026-01-14T16:11:05.441+03:00  INFO 25228 --- [country] [main] .s.d.r.c.RepositoryConfigurationDelegate : Bootstrapping Spring Data JPA repositories in DEFAULT mode.
2026-01-14T16:11:05.502+03:00  INFO 25228 --- [country] [main] .s.d.r.c.RepositoryConfigurationDelegate : Finished Spring Data repository scanning in 50 ms. Found 2 JPA repository interfaces.
2026-01-14T16:11:06.002+03:00  INFO 25228 --- [country] [main] o.s.b.w.embedded.tomcat.TomcatWebServer  : Tomcat initialized with port 8088 (http)
2026-01-14T16:11:06.019+03:00  INFO 25228 --- [country] [main] o.apache.catalina.core.StandardService   : Starting service [Tomcat]
2026-01-14T16:11:06.019+03:00  INFO 25228 --- [country] [main] o.apache.catalina.core.StandardEngine    : Starting Servlet engine: [Apache Tomcat/10.1.49]
2026-01-14T16:11:06.099+03:00  INFO 25228 --- [country] [main] o.a.c.c.C.[Tomcat].[localhost].[/]       : Initializing Spring embedded WebApplicationContext
2026-01-14T16:11:06.099+03:00  INFO 25228 --- [country] [main] w.s.c.ServletWebServerApplicationContext : Root WebApplicationContext: initialization completed in 1881 ms
2026-01-14T16:11:06.311+03:00  WARN 25228 --- [country] [main] ConfigServletWebServerApplicationContext : Exception encountered during context initialization - cancelling refresh attempt: org.springframework.beans.factory.BeanCreationException: Error creating bean with name 'entityManagerFactory' defined in class path resource [org/springframework/boot/autoconfigure/orm/jpa/HibernateJpaConfiguration.class]: Failed to initialize dependency 'flyway' of LoadTimeWeaverAware bean 'entityManagerFactory': Error creating bean with name 'flyway' defined in class path resource [org/springframework/boot/autoconfigure/flyway/FlywayAutoConfiguration$FlywayConfiguration.class]: Failed to instantiate [org.flywaydb.core.Flyway]: Factory method 'flyway' threw exception with message: Error creating bean with name 'dataSource' defined in class path resource [org/springframework/boot/autoconfigure/jdbc/DataSourceConfiguration$Hikari.class]: Failed to instantiate [com.zaxxer.hikari.HikariDataSource]: Factory method 'dataSource' threw exception with message: Failed to determine a suitable driver class
2026-01-14T16:11:06.314+03:00  INFO 25228 --- [country] [main] o.apache.catalina.core.StandardService   : Stopping service [Tomcat]
2026-01-14T16:11:06.335+03:00  INFO 25228 --- [country] [main] .s.b.a.l.ConditionEvaluationReportLogger : 

Error starting ApplicationContext. To display the condition evaluation report re-run your application with 'debug' enabled.
2026-01-14T16:11:06.355+03:00 ERROR 25228 --- [country] [main] o.s.b.d.LoggingFailureAnalysisReporter   : 

***************************
APPLICATION FAILED TO START
***************************

Description:

Failed to configure a DataSource: 'url' attribute is not specified and no embedded datasource could be configured.

Reason: Failed to determine a suitable driver class


Action:

Consider the following:
	If you want an embedded database (H2, HSQL or Derby), please put it on the classpath.
	If you have database settings to be loaded from a particular profile you may need to activate it (no profiles are currently active).

2026-01-14T16:11:49.154+03:00  INFO 3592 --- [country] [main] ru.sentidas.country.CountryApplication   : Starting CountryApplication using Java 21.0.6 with PID 3592 (C:\Users\user\projects\2026\visit\country\build\classes\java\main started by user in C:\Users\user\projects\2026\visit)
2026-01-14T16:11:49.156+03:00 DEBUG 3592 --- [country] [main] ru.sentidas.country.CountryApplication   : Running with Spring Boot v3.5.8, Spring v6.2.14
2026-01-14T16:11:49.156+03:00  INFO 3592 --- [country] [main] ru.sentidas.country.CountryApplication   : The following 1 profile is active: "local"
2026-01-14T16:11:50.263+03:00  INFO 3592 --- [country] [main] .s.d.r.c.RepositoryConfigurationDelegate : Bootstrapping Spring Data JPA repositories in DEFAULT mode.
2026-01-14T16:11:50.316+03:00  INFO 3592 --- [country] [main] .s.d.r.c.RepositoryConfigurationDelegate : Finished Spring Data repository scanning in 45 ms. Found 2 JPA repository interfaces.
2026-01-14T16:11:50.783+03:00  INFO 3592 --- [country] [main] o.s.b.w.embedded.tomcat.TomcatWebServer  : Tomcat initialized with port 8088 (http)
2026-01-14T16:11:50.797+03:00  INFO 3592 --- [country] [main] o.apache.catalina.core.StandardService   : Starting service [Tomcat]
2026-01-14T16:11:50.797+03:00  INFO 3592 --- [country] [main] o.apache.catalina.core.StandardEngine    : Starting Servlet engine: [Apache Tomcat/10.1.49]
2026-01-14T16:11:50.869+03:00  INFO 3592 --- [country] [main] o.a.c.c.C.[Tomcat].[localhost].[/]       : Initializing Spring embedded WebApplicationContext
2026-01-14T16:11:50.870+03:00  INFO 3592 --- [country] [main] w.s.c.ServletWebServerApplicationContext : Root WebApplicationContext: initialization completed in 1672 ms
2026-01-14T16:11:51.206+03:00  WARN 3592 --- [country] [main] com.zaxxer.hikari.HikariConfig           : HikariPool-1 - maxLifetime is less than 30000ms, setting to default 1800000ms.
2026-01-14T16:11:51.207+03:00  INFO 3592 --- [country] [main] com.zaxxer.hikari.HikariDataSource       : HikariPool-1 - Starting...
2026-01-14T16:11:52.303+03:00  WARN 3592 --- [country] [main] ConfigServletWebServerApplicationContext : Exception encountered during context initialization - cancelling refresh attempt: org.springframework.beans.factory.BeanCreationException: Error creating bean with name 'entityManagerFactory' defined in class path resource [org/springframework/boot/autoconfigure/orm/jpa/HibernateJpaConfiguration.class]: Failed to initialize dependency 'flywayInitializer' of LoadTimeWeaverAware bean 'entityManagerFactory': Error creating bean with name 'flywayInitializer' defined in class path resource [org/springframework/boot/autoconfigure/flyway/FlywayAutoConfiguration$FlywayConfiguration.class]: Unable to obtain connection from database: Communications link failure

The last packet sent successfully to the server was 0 milliseconds ago. The driver has not received any packets from the server.
--------------------------------------------------------------------------------------------------------------------------------------------------------------------------------------------------------
SQL State  : 08S01
Error Code : 0
Message    : Communications link failure

The last packet sent successfully to the server was 0 milliseconds ago. The driver has not received any packets from the server.

2026-01-14T16:11:52.305+03:00  INFO 3592 --- [country] [main] o.apache.catalina.core.StandardService   : Stopping service [Tomcat]
2026-01-14T16:11:52.319+03:00  INFO 3592 --- [country] [main] .s.b.a.l.ConditionEvaluationReportLogger : 

Error starting ApplicationContext. To display the condition evaluation report re-run your application with 'debug' enabled.
2026-01-14T16:11:52.334+03:00 ERROR 3592 --- [country] [main] o.s.boot.SpringApplication               : Application run failed

org.springframework.beans.factory.BeanCreationException: Error creating bean with name 'entityManagerFactory' defined in class path resource [org/springframework/boot/autoconfigure/orm/jpa/HibernateJpaConfiguration.class]: Failed to initialize dependency 'flywayInitializer' of LoadTimeWeaverAware bean 'entityManagerFactory': Error creating bean with name 'flywayInitializer' defined in class path resource [org/springframework/boot/autoconfigure/flyway/FlywayAutoConfiguration$FlywayConfiguration.class]: Unable to obtain connection from database: Communications link failure

The last packet sent successfully to the server was 0 milliseconds ago. The driver has not received any packets from the server.
--------------------------------------------------------------------------------------------------------------------------------------------------------------------------------------------------------
SQL State  : 08S01
Error Code : 0
Message    : Communications link failure

The last packet sent successfully to the server was 0 milliseconds ago. The driver has not received any packets from the server.

	at org.springframework.beans.factory.support.AbstractBeanFactory.doGetBean(AbstractBeanFactory.java:328) ~[spring-beans-6.2.14.jar:6.2.14]
	at org.springframework.beans.factory.support.AbstractBeanFactory.getBean(AbstractBeanFactory.java:207) ~[spring-beans-6.2.14.jar:6.2.14]
	at org.springframework.context.support.AbstractApplicationContext.finishBeanFactoryInitialization(AbstractApplicationContext.java:973) ~[spring-context-6.2.14.jar:6.2.14]
	at org.springframework.context.support.AbstractApplicationContext.refresh(AbstractApplicationContext.java:627) ~[spring-context-6.2.14.jar:6.2.14]
	at org.springframework.boot.web.servlet.context.ServletWebServerApplicationContext.refresh(ServletWebServerApplicationContext.java:146) ~[spring-boot-3.5.8.jar:3.5.8]
	at org.springframework.boot.SpringApplication.refresh(SpringApplication.java:752) ~[spring-boot-3.5.8.jar:3.5.8]
	at org.springframework.boot.SpringApplication.refreshContext(SpringApplication.java:439) ~[spring-boot-3.5.8.jar:3.5.8]
	at org.springframework.boot.SpringApplication.run(SpringApplication.java:318) ~[spring-boot-3.5.8.jar:3.5.8]
	at org.springframework.boot.SpringApplication.run(SpringApplication.java:1361) ~[spring-boot-3.5.8.jar:3.5.8]
	at org.springframework.boot.SpringApplication.run(SpringApplication.java:1350) ~[spring-boot-3.5.8.jar:3.5.8]
	at ru.sentidas.country.CountryApplication.main(CountryApplication.java:10) ~[main/:na]
Caused by: org.springframework.beans.factory.BeanCreationException: Error creating bean with name 'flywayInitializer' defined in class path resource [org/springframework/boot/autoconfigure/flyway/FlywayAutoConfiguration$FlywayConfiguration.class]: Unable to obtain connection from database: Communications link failure

The last packet sent successfully to the server was 0 milliseconds ago. The driver has not received any packets from the server.
--------------------------------------------------------------------------------------------------------------------------------------------------------------------------------------------------------
SQL State  : 08S01
Error Code : 0
Message    : Communications link failure

The last packet sent successfully to the server was 0 milliseconds ago. The driver has not received any packets from the server.

	at org.springframework.beans.factory.support.AbstractAutowireCapableBeanFactory.initializeBean(AbstractAutowireCapableBeanFactory.java:1826) ~[spring-beans-6.2.14.jar:6.2.14]
	at org.springframework.beans.factory.support.AbstractAutowireCapableBeanFactory.doCreateBean(AbstractAutowireCapableBeanFactory.java:607) ~[spring-beans-6.2.14.jar:6.2.14]
	at org.springframework.beans.factory.support.AbstractAutowireCapableBeanFactory.createBean(AbstractAutowireCapableBeanFactory.java:529) ~[spring-beans-6.2.14.jar:6.2.14]
	at org.springframework.beans.factory.support.AbstractBeanFactory.lambda$doGetBean$0(AbstractBeanFactory.java:339) ~[spring-beans-6.2.14.jar:6.2.14]
	at org.springframework.beans.factory.support.DefaultSingletonBeanRegistry.getSingleton(DefaultSingletonBeanRegistry.java:373) ~[spring-beans-6.2.14.jar:6.2.14]
	at org.springframework.beans.factory.support.AbstractBeanFactory.doGetBean(AbstractBeanFactory.java:337) ~[spring-beans-6.2.14.jar:6.2.14]
	at org.springframework.beans.factory.support.AbstractBeanFactory.getBean(AbstractBeanFactory.java:202) ~[spring-beans-6.2.14.jar:6.2.14]
	at org.springframework.beans.factory.support.AbstractBeanFactory.doGetBean(AbstractBeanFactory.java:315) ~[spring-beans-6.2.14.jar:6.2.14]
	... 10 common frames omitted
Caused by: org.flywaydb.core.internal.exception.FlywaySqlException: Unable to obtain connection from database: Communications link failure

The last packet sent successfully to the server was 0 milliseconds ago. The driver has not received any packets from the server.
--------------------------------------------------------------------------------------------------------------------------------------------------------------------------------------------------------
SQL State  : 08S01
Error Code : 0
Message    : Communications link failure

The last packet sent successfully to the server was 0 milliseconds ago. The driver has not received any packets from the server.

	at org.flywaydb.core.internal.jdbc.JdbcUtils.openConnection(JdbcUtils.java:71) ~[flyway-core-11.7.2.jar:na]
	at org.flywaydb.core.internal.jdbc.JdbcConnectionFactory.<init>(JdbcConnectionFactory.java:76) ~[flyway-core-11.7.2.jar:na]
	at org.flywaydb.core.FlywayExecutor.execute(FlywayExecutor.java:136) ~[flyway-core-11.7.2.jar:na]
	at org.flywaydb.core.Flyway.migrate(Flyway.java:188) ~[flyway-core-11.7.2.jar:na]
	at org.springframework.boot.autoconfigure.flyway.FlywayMigrationInitializer.afterPropertiesSet(FlywayMigrationInitializer.java:66) ~[spring-boot-autoconfigure-3.5.8.jar:3.5.8]
	at org.springframework.beans.factory.support.AbstractAutowireCapableBeanFactory.invokeInitMethods(AbstractAutowireCapableBeanFactory.java:1873) ~[spring-beans-6.2.14.jar:6.2.14]
	at org.springframework.beans.factory.support.AbstractAutowireCapableBeanFactory.initializeBean(AbstractAutowireCapableBeanFactory.java:1822) ~[spring-beans-6.2.14.jar:6.2.14]
	... 17 common frames omitted
Caused by: com.mysql.cj.jdbc.exceptions.CommunicationsException: Communications link failure

The last packet sent successfully to the server was 0 milliseconds ago. The driver has not received any packets from the server.
	at com.mysql.cj.jdbc.exceptions.SQLError.createCommunicationsException(SQLError.java:165) ~[mysql-connector-j-9.5.0.jar:9.5.0]
	at com.mysql.cj.jdbc.exceptions.SQLExceptionsMapping.translateException(SQLExceptionsMapping.java:55) ~[mysql-connector-j-9.5.0.jar:9.5.0]
	at com.mysql.cj.jdbc.ConnectionImpl.createNewIO(ConnectionImpl.java:840) ~[mysql-connector-j-9.5.0.jar:9.5.0]
	at com.mysql.cj.jdbc.ConnectionImpl.<init>(ConnectionImpl.java:416) ~[mysql-connector-j-9.5.0.jar:9.5.0]
	at com.mysql.cj.jdbc.ConnectionImpl.getInstance(ConnectionImpl.java:237) ~[mysql-connector-j-9.5.0.jar:9.5.0]
	at com.mysql.cj.jdbc.NonRegisteringDriver.connect(NonRegisteringDriver.java:180) ~[mysql-connector-j-9.5.0.jar:9.5.0]
	at com.zaxxer.hikari.util.DriverDataSource.getConnection(DriverDataSource.java:144) ~[HikariCP-6.3.3.jar:na]
	at com.zaxxer.hikari.pool.PoolBase.newConnection(PoolBase.java:370) ~[HikariCP-6.3.3.jar:na]
	at com.zaxxer.hikari.pool.PoolBase.newPoolEntry(PoolBase.java:207) ~[HikariCP-6.3.3.jar:na]
	at com.zaxxer.hikari.pool.HikariPool.createPoolEntry(HikariPool.java:488) ~[HikariCP-6.3.3.jar:na]
	at com.zaxxer.hikari.pool.HikariPool.checkFailFast(HikariPool.java:576) ~[HikariCP-6.3.3.jar:na]
	at com.zaxxer.hikari.pool.HikariPool.<init>(HikariPool.java:97) ~[HikariCP-6.3.3.jar:na]
	at com.zaxxer.hikari.HikariDataSource.getConnection(HikariDataSource.java:111) ~[HikariCP-6.3.3.jar:na]
	at org.flywaydb.core.internal.jdbc.JdbcUtils.openConnection(JdbcUtils.java:59) ~[flyway-core-11.7.2.jar:na]
	... 23 common frames omitted
Caused by: com.mysql.cj.exceptions.CJCommunicationsException: Communications link failure

The last packet sent successfully to the server was 0 milliseconds ago. The driver has not received any packets from the server.
	at java.base/jdk.internal.reflect.DirectConstructorHandleAccessor.newInstance(DirectConstructorHandleAccessor.java:62) ~[na:na]
	at java.base/java.lang.reflect.Constructor.newInstanceWithCaller(Constructor.java:502) ~[na:na]
	at java.base/java.lang.reflect.Constructor.newInstance(Constructor.java:486) ~[na:na]
	at com.mysql.cj.exceptions.ExceptionFactory.createException(ExceptionFactory.java:52) ~[mysql-connector-j-9.5.0.jar:9.5.0]
	at com.mysql.cj.exceptions.ExceptionFactory.createException(ExceptionFactory.java:95) ~[mysql-connector-j-9.5.0.jar:9.5.0]
	at com.mysql.cj.exceptions.ExceptionFactory.createException(ExceptionFactory.java:140) ~[mysql-connector-j-9.5.0.jar:9.5.0]
	at com.mysql.cj.exceptions.ExceptionFactory.createCommunicationsException(ExceptionFactory.java:156) ~[mysql-connector-j-9.5.0.jar:9.5.0]
	at com.mysql.cj.protocol.a.NativeSocketConnection.connect(NativeSocketConnection.java:79) ~[mysql-connector-j-9.5.0.jar:9.5.0]
	at com.mysql.cj.NativeSession.connect(NativeSession.java:142) ~[mysql-connector-j-9.5.0.jar:9.5.0]
	at com.mysql.cj.jdbc.ConnectionImpl.connectOneTryOnly(ConnectionImpl.java:964) ~[mysql-connector-j-9.5.0.jar:9.5.0]
	at com.mysql.cj.jdbc.ConnectionImpl.createNewIO(ConnectionImpl.java:828) ~[mysql-connector-j-9.5.0.jar:9.5.0]
	... 34 common frames omitted
Caused by: java.net.ConnectException: Connection refused: getsockopt
	at java.base/sun.nio.ch.Net.pollConnect(Native Method) ~[na:na]
	at java.base/sun.nio.ch.Net.pollConnectNow(Net.java:682) ~[na:na]
	at java.base/sun.nio.ch.NioSocketImpl.timedFinishConnect(NioSocketImpl.java:542) ~[na:na]
	at java.base/sun.nio.ch.NioSocketImpl.connect(NioSocketImpl.java:592) ~[na:na]
	at java.base/java.net.SocksSocketImpl.connect(SocksSocketImpl.java:327) ~[na:na]
	at java.base/java.net.Socket.connect(Socket.java:751) ~[na:na]
	at com.mysql.cj.protocol.StandardSocketFactory.connect(StandardSocketFactory.java:144) ~[mysql-connector-j-9.5.0.jar:9.5.0]
	at com.mysql.cj.protocol.a.NativeSocketConnection.connect(NativeSocketConnection.java:53) ~[mysql-connector-j-9.5.0.jar:9.5.0]
	... 37 common frames omitted

2026-01-14T16:14:50.270+03:00  INFO 1064 --- [country] [main] ru.sentidas.country.CountryApplication   : Starting CountryApplication using Java 21.0.6 with PID 1064 (C:\Users\user\projects\2026\visit\country\build\classes\java\main started by user in C:\Users\user\projects\2026\visit)
2026-01-14T16:14:50.273+03:00 DEBUG 1064 --- [country] [main] ru.sentidas.country.CountryApplication   : Running with Spring Boot v3.5.8, Spring v6.2.14
2026-01-14T16:14:50.274+03:00  INFO 1064 --- [country] [main] ru.sentidas.country.CountryApplication   : The following 1 profile is active: "local"
2026-01-14T16:14:51.508+03:00  INFO 1064 --- [country] [main] .s.d.r.c.RepositoryConfigurationDelegate : Bootstrapping Spring Data JPA repositories in DEFAULT mode.
2026-01-14T16:14:51.579+03:00  INFO 1064 --- [country] [main] .s.d.r.c.RepositoryConfigurationDelegate : Finished Spring Data repository scanning in 59 ms. Found 2 JPA repository interfaces.
2026-01-14T16:14:52.200+03:00  INFO 1064 --- [country] [main] o.s.b.w.embedded.tomcat.TomcatWebServer  : Tomcat initialized with port 8088 (http)
2026-01-14T16:14:52.222+03:00  INFO 1064 --- [country] [main] o.apache.catalina.core.StandardService   : Starting service [Tomcat]
2026-01-14T16:14:52.223+03:00  INFO 1064 --- [country] [main] o.apache.catalina.core.StandardEngine    : Starting Servlet engine: [Apache Tomcat/10.1.49]
2026-01-14T16:14:52.314+03:00  INFO 1064 --- [country] [main] o.a.c.c.C.[Tomcat].[localhost].[/]       : Initializing Spring embedded WebApplicationContext
2026-01-14T16:14:52.315+03:00  INFO 1064 --- [country] [main] w.s.c.ServletWebServerApplicationContext : Root WebApplicationContext: initialization completed in 1998 ms
2026-01-14T16:14:52.742+03:00  WARN 1064 --- [country] [main] com.zaxxer.hikari.HikariConfig           : HikariPool-1 - maxLifetime is less than 30000ms, setting to default 1800000ms.
2026-01-14T16:14:52.743+03:00  INFO 1064 --- [country] [main] com.zaxxer.hikari.HikariDataSource       : HikariPool-1 - Starting...
2026-01-14T16:14:53.188+03:00  INFO 1064 --- [country] [main] com.zaxxer.hikari.pool.HikariPool        : HikariPool-1 - Added connection com.mysql.cj.jdbc.ConnectionImpl@5fa5c8cf
2026-01-14T16:14:53.189+03:00  INFO 1064 --- [country] [main] com.zaxxer.hikari.HikariDataSource       : HikariPool-1 - Start completed.
2026-01-14T16:14:53.249+03:00  INFO 1064 --- [country] [main] org.flywaydb.core.FlywayExecutor         : Database: jdbc:mysql://127.0.0.1:3306/country?serverTimezone=UTC&createDatabaseIfNotExist=true (MySQL 8.0)
2026-01-14T16:14:53.315+03:00  INFO 1064 --- [country] [main] o.f.c.i.s.JdbcTableSchemaHistory         : Schema history table `country`.`flyway_schema_history` does not exist yet
2026-01-14T16:14:53.326+03:00  INFO 1064 --- [country] [main] o.f.core.internal.command.DbValidate     : Successfully validated 1 migration (execution time 00:00.041s)
2026-01-14T16:14:53.356+03:00  INFO 1064 --- [country] [main] org.flywaydb.core.Flyway                 : All configured schemas are empty; baseline operation skipped. A baseline or migration script with a lower version than the baseline version may execute if available. Check the Schemas parameter if this is not intended.
2026-01-14T16:14:53.368+03:00  INFO 1064 --- [country] [main] o.f.c.i.s.JdbcTableSchemaHistory         : Creating Schema History table `country`.`flyway_schema_history` ...
2026-01-14T16:14:53.590+03:00  INFO 1064 --- [country] [main] o.f.core.internal.command.DbMigrate      : Current version of schema `country`: << Empty Schema >>
2026-01-14T16:14:53.610+03:00  INFO 1064 --- [country] [main] o.f.core.internal.command.DbMigrate      : Migrating schema `country` to version "1 - schema.init"
2026-01-14T16:14:53.867+03:00  INFO 1064 --- [country] [main] o.f.core.internal.command.DbMigrate      : Successfully applied 1 migration to schema `country`, now at version v1 (execution time 00:00.174s)
2026-01-14T16:14:53.996+03:00  INFO 1064 --- [country] [main] o.hibernate.jpa.internal.util.LogHelper  : HHH000204: Processing PersistenceUnitInfo [name: default]
2026-01-14T16:14:54.090+03:00  INFO 1064 --- [country] [main] org.hibernate.Version                    : HHH000412: Hibernate ORM core version 6.6.36.Final
2026-01-14T16:14:54.147+03:00  INFO 1064 --- [country] [main] o.h.c.internal.RegionFactoryInitiator    : HHH000026: Second-level cache disabled
2026-01-14T16:14:54.660+03:00  INFO 1064 --- [country] [main] o.s.o.j.p.SpringPersistenceUnitInfo      : No LoadTimeWeaver setup: ignoring JPA class transformer
2026-01-14T16:14:55.053+03:00  INFO 1064 --- [country] [main] org.hibernate.orm.connections.pooling    : HHH10001005: Database info:
	Database JDBC URL [Connecting through datasource 'HikariDataSource (HikariPool-1)']
	Database driver: undefined/unknown
	Database version: 8.0.44
	Autocommit mode: undefined/unknown
	Isolation level: undefined/unknown
	Minimum pool size: undefined/unknown
	Maximum pool size: undefined/unknown
2026-01-14T16:14:56.314+03:00  INFO 1064 --- [country] [main] o.h.e.t.j.p.i.JtaPlatformInitiator       : HHH000489: No JTA platform available (set 'hibernate.transaction.jta.platform' to enable JTA platform integration)
2026-01-14T16:14:56.317+03:00  INFO 1064 --- [country] [main] j.LocalContainerEntityManagerFactoryBean : Initialized JPA EntityManagerFactory for persistence unit 'default'
2026-01-14T16:14:56.751+03:00  INFO 1064 --- [country] [main] o.s.d.j.r.query.QueryEnhancerFactory     : Hibernate is in classpath; If applicable, HQL parser will be used.
2026-01-14T16:14:57.752+03:00  WARN 1064 --- [country] [main] JpaBaseConfiguration$JpaWebConfiguration : spring.jpa.open-in-view is enabled by default. Therefore, database queries may be performed during view rendering. Explicitly configure spring.jpa.open-in-view to disable this warning
2026-01-14T16:14:58.688+03:00  INFO 1064 --- [country] [main] o.s.b.a.e.web.EndpointLinksResolver      : Exposing 1 endpoint beneath base path '/actuator'
2026-01-14T16:14:58.800+03:00  WARN 1064 --- [country] [main] ConfigServletWebServerApplicationContext : Exception encountered during context initialization - cancelling refresh attempt: org.springframework.context.ApplicationContextException: Failed to start bean 'webServerStartStop'
2026-01-14T16:14:58.803+03:00  INFO 1064 --- [country] [main] j.LocalContainerEntityManagerFactoryBean : Closing JPA EntityManagerFactory for persistence unit 'default'
2026-01-14T16:14:58.806+03:00  INFO 1064 --- [country] [main] com.zaxxer.hikari.HikariDataSource       : HikariPool-1 - Shutdown initiated...
2026-01-14T16:14:58.822+03:00  INFO 1064 --- [country] [main] com.zaxxer.hikari.HikariDataSource       : HikariPool-1 - Shutdown completed.
2026-01-14T16:14:58.847+03:00  INFO 1064 --- [country] [main] .s.b.a.l.ConditionEvaluationReportLogger : 

Error starting ApplicationContext. To display the condition evaluation report re-run your application with 'debug' enabled.
2026-01-14T16:14:58.871+03:00 ERROR 1064 --- [country] [main] o.s.b.d.LoggingFailureAnalysisReporter   : 

***************************
APPLICATION FAILED TO START
***************************

Description:

Web server failed to start. Port 8088 was already in use.

Action:

Identify and stop the process that's listening on port 8088 or configure this application to listen on another port.

2026-01-14T16:15:35.528+03:00  INFO 26268 --- [country] [main] ru.sentidas.country.CountryApplication   : Starting CountryApplication using Java 21.0.6 with PID 26268 (C:\Users\user\projects\2026\visit\country\build\classes\java\main started by user in C:\Users\user\projects\2026\visit)
2026-01-14T16:15:35.531+03:00 DEBUG 26268 --- [country] [main] ru.sentidas.country.CountryApplication   : Running with Spring Boot v3.5.8, Spring v6.2.14
2026-01-14T16:15:35.532+03:00  INFO 26268 --- [country] [main] ru.sentidas.country.CountryApplication   : The following 1 profile is active: "local"
2026-01-14T16:15:36.977+03:00  INFO 26268 --- [country] [main] .s.d.r.c.RepositoryConfigurationDelegate : Bootstrapping Spring Data JPA repositories in DEFAULT mode.
2026-01-14T16:15:37.044+03:00  INFO 26268 --- [country] [main] .s.d.r.c.RepositoryConfigurationDelegate : Finished Spring Data repository scanning in 56 ms. Found 2 JPA repository interfaces.
2026-01-14T16:15:37.607+03:00  INFO 26268 --- [country] [main] o.s.b.w.embedded.tomcat.TomcatWebServer  : Tomcat initialized with port 8088 (http)
2026-01-14T16:15:37.625+03:00  INFO 26268 --- [country] [main] o.apache.catalina.core.StandardService   : Starting service [Tomcat]
2026-01-14T16:15:37.625+03:00  INFO 26268 --- [country] [main] o.apache.catalina.core.StandardEngine    : Starting Servlet engine: [Apache Tomcat/10.1.49]
2026-01-14T16:15:37.699+03:00  INFO 26268 --- [country] [main] o.a.c.c.C.[Tomcat].[localhost].[/]       : Initializing Spring embedded WebApplicationContext
2026-01-14T16:15:37.700+03:00  INFO 26268 --- [country] [main] w.s.c.ServletWebServerApplicationContext : Root WebApplicationContext: initialization completed in 2112 ms
2026-01-14T16:15:38.059+03:00  WARN 26268 --- [country] [main] com.zaxxer.hikari.HikariConfig           : HikariPool-1 - maxLifetime is less than 30000ms, setting to default 1800000ms.
2026-01-14T16:15:38.061+03:00  INFO 26268 --- [country] [main] com.zaxxer.hikari.HikariDataSource       : HikariPool-1 - Starting...
2026-01-14T16:15:38.478+03:00  INFO 26268 --- [country] [main] com.zaxxer.hikari.pool.HikariPool        : HikariPool-1 - Added connection com.mysql.cj.jdbc.ConnectionImpl@6200b644
2026-01-14T16:15:38.481+03:00  INFO 26268 --- [country] [main] com.zaxxer.hikari.HikariDataSource       : HikariPool-1 - Start completed.
2026-01-14T16:15:38.533+03:00  INFO 26268 --- [country] [main] org.flywaydb.core.FlywayExecutor         : Database: jdbc:mysql://127.0.0.1:3306/country?serverTimezone=UTC&createDatabaseIfNotExist=true (MySQL 8.0)
2026-01-14T16:15:38.605+03:00  INFO 26268 --- [country] [main] o.f.core.internal.command.DbValidate     : Successfully validated 1 migration (execution time 00:00.038s)
2026-01-14T16:15:38.640+03:00  INFO 26268 --- [country] [main] o.f.core.internal.command.DbMigrate      : Current version of schema `country`: 1
2026-01-14T16:15:38.646+03:00  INFO 26268 --- [country] [main] o.f.core.internal.command.DbMigrate      : Schema `country` is up to date. No migration necessary.
2026-01-14T16:15:38.776+03:00  INFO 26268 --- [country] [main] o.hibernate.jpa.internal.util.LogHelper  : HHH000204: Processing PersistenceUnitInfo [name: default]
2026-01-14T16:15:38.854+03:00  INFO 26268 --- [country] [main] org.hibernate.Version                    : HHH000412: Hibernate ORM core version 6.6.36.Final
2026-01-14T16:15:38.899+03:00  INFO 26268 --- [country] [main] o.h.c.internal.RegionFactoryInitiator    : HHH000026: Second-level cache disabled
2026-01-14T16:15:39.263+03:00  INFO 26268 --- [country] [main] o.s.o.j.p.SpringPersistenceUnitInfo      : No LoadTimeWeaver setup: ignoring JPA class transformer
2026-01-14T16:15:39.366+03:00  INFO 26268 --- [country] [main] org.hibernate.orm.connections.pooling    : HHH10001005: Database info:
	Database JDBC URL [Connecting through datasource 'HikariDataSource (HikariPool-1)']
	Database driver: undefined/unknown
	Database version: 8.0.44
	Autocommit mode: undefined/unknown
	Isolation level: undefined/unknown
	Minimum pool size: undefined/unknown
	Maximum pool size: undefined/unknown
2026-01-14T16:15:40.334+03:00  INFO 26268 --- [country] [main] o.h.e.t.j.p.i.JtaPlatformInitiator       : HHH000489: No JTA platform available (set 'hibernate.transaction.jta.platform' to enable JTA platform integration)
2026-01-14T16:15:40.338+03:00  INFO 26268 --- [country] [main] j.LocalContainerEntityManagerFactoryBean : Initialized JPA EntityManagerFactory for persistence unit 'default'
2026-01-14T16:15:40.655+03:00  INFO 26268 --- [country] [main] o.s.d.j.r.query.QueryEnhancerFactory     : Hibernate is in classpath; If applicable, HQL parser will be used.
2026-01-14T16:15:41.350+03:00  WARN 26268 --- [country] [main] JpaBaseConfiguration$JpaWebConfiguration : spring.jpa.open-in-view is enabled by default. Therefore, database queries may be performed during view rendering. Explicitly configure spring.jpa.open-in-view to disable this warning
2026-01-14T16:15:42.047+03:00  INFO 26268 --- [country] [main] o.s.b.a.e.web.EndpointLinksResolver      : Exposing 1 endpoint beneath base path '/actuator'
2026-01-14T16:15:42.131+03:00  INFO 26268 --- [country] [main] o.s.b.w.embedded.tomcat.TomcatWebServer  : Tomcat started on port 8088 (http) with context path '/'
2026-01-14T16:15:42.144+03:00  INFO 26268 --- [country] [main] ru.sentidas.country.CountryApplication   : Started CountryApplication in 7.228 seconds (process running for 8.095)
2026-01-14T16:15:42.341+03:00  INFO 26268 --- [country] [RMI TCP Connection(1)-192.168.1.138] o.a.c.c.C.[Tomcat].[localhost].[/]       : Initializing Spring DispatcherServlet 'dispatcherServlet'
2026-01-14T16:15:42.342+03:00  INFO 26268 --- [country] [RMI TCP Connection(1)-192.168.1.138] o.s.web.servlet.DispatcherServlet        : Initializing Servlet 'dispatcherServlet'
2026-01-14T16:15:42.344+03:00  INFO 26268 --- [country] [RMI TCP Connection(1)-192.168.1.138] o.s.web.servlet.DispatcherServlet        : Completed initialization in 2 ms
2026-01-14T16:15:56.904+03:00  INFO 26268 --- [country] [http-nio-8088-exec-1] r.s.country.controller.VisitController   : Called getAllVisits: userId =55eb425a-0f4d-47c7-8566-db64063be5d8, archived=null, page=0, size=20
2026-01-14T16:15:56.968+03:00 DEBUG 26268 --- [country] [http-nio-8088-exec-1] org.hibernate.SQL                        : select ue1_0.id,ue1_0.username from users ue1_0 where ue1_0.id=?
2026-01-14T16:15:57.020+03:00  WARN 26268 --- [country] [http-nio-8088-exec-1] r.s.country.ex.GlobalExceptionHandler    : Resolve exception in @RestControllerAdvice 

ru.sentidas.country.ex.UserNotFoundException: Cannot find user by id: '55eb425a-0f4d-47c7-8566-db64063be5d8'
	at ru.sentidas.country.service.VisitService.lambda$visits$0(VisitService.java:49) ~[main/:na]
	at java.base/java.util.Optional.orElseThrow(Optional.java:403) ~[na:na]
	at ru.sentidas.country.service.VisitService.visits(VisitService.java:48) ~[main/:na]
	at java.base/jdk.internal.reflect.DirectMethodHandleAccessor.invoke(DirectMethodHandleAccessor.java:103) ~[na:na]
	at java.base/java.lang.reflect.Method.invoke(Method.java:580) ~[na:na]
	at org.springframework.aop.support.AopUtils.invokeJoinpointUsingReflection(AopUtils.java:360) ~[spring-aop-6.2.14.jar:6.2.14]
	at org.springframework.aop.framework.CglibAopProxy$DynamicAdvisedInterceptor.intercept(CglibAopProxy.java:724) ~[spring-aop-6.2.14.jar:6.2.14]
	at ru.sentidas.country.service.VisitService$$SpringCGLIB$$0.visits(<generated>) ~[main/:na]
	at ru.sentidas.country.controller.VisitController.getAllVisits(VisitController.java:40) ~[main/:na]
	at java.base/jdk.internal.reflect.DirectMethodHandleAccessor.invoke(DirectMethodHandleAccessor.java:103) ~[na:na]
	at java.base/java.lang.reflect.Method.invoke(Method.java:580) ~[na:na]
	at org.springframework.web.method.support.InvocableHandlerMethod.doInvoke(InvocableHandlerMethod.java:258) ~[spring-web-6.2.14.jar:6.2.14]
	at org.springframework.web.method.support.InvocableHandlerMethod.invokeForRequest(InvocableHandlerMethod.java:191) ~[spring-web-6.2.14.jar:6.2.14]
	at org.springframework.web.servlet.mvc.method.annotation.ServletInvocableHandlerMethod.invokeAndHandle(ServletInvocableHandlerMethod.java:118) ~[spring-webmvc-6.2.14.jar:6.2.14]
	at org.springframework.web.servlet.mvc.method.annotation.RequestMappingHandlerAdapter.invokeHandlerMethod(RequestMappingHandlerAdapter.java:991) ~[spring-webmvc-6.2.14.jar:6.2.14]
	at org.springframework.web.servlet.mvc.method.annotation.RequestMappingHandlerAdapter.handleInternal(RequestMappingHandlerAdapter.java:896) ~[spring-webmvc-6.2.14.jar:6.2.14]
	at org.springframework.web.servlet.mvc.method.AbstractHandlerMethodAdapter.handle(AbstractHandlerMethodAdapter.java:87) ~[spring-webmvc-6.2.14.jar:6.2.14]
	at org.springframework.web.servlet.DispatcherServlet.doDispatch(DispatcherServlet.java:1089) ~[spring-webmvc-6.2.14.jar:6.2.14]
	at org.springframework.web.servlet.DispatcherServlet.doService(DispatcherServlet.java:979) ~[spring-webmvc-6.2.14.jar:6.2.14]
	at org.springframework.web.servlet.FrameworkServlet.processRequest(FrameworkServlet.java:1014) ~[spring-webmvc-6.2.14.jar:6.2.14]
	at org.springframework.web.servlet.FrameworkServlet.doGet(FrameworkServlet.java:903) ~[spring-webmvc-6.2.14.jar:6.2.14]
	at jakarta.servlet.http.HttpServlet.service(HttpServlet.java:564) ~[tomcat-embed-core-10.1.49.jar:6.0]
	at org.springframework.web.servlet.FrameworkServlet.service(FrameworkServlet.java:885) ~[spring-webmvc-6.2.14.jar:6.2.14]
	at jakarta.servlet.http.HttpServlet.service(HttpServlet.java:658) ~[tomcat-embed-core-10.1.49.jar:6.0]
	at org.apache.catalina.core.ApplicationFilterChain.internalDoFilter(ApplicationFilterChain.java:193) ~[tomcat-embed-core-10.1.49.jar:10.1.49]
	at org.apache.catalina.core.ApplicationFilterChain.doFilter(ApplicationFilterChain.java:138) ~[tomcat-embed-core-10.1.49.jar:10.1.49]
	at org.apache.tomcat.websocket.server.WsFilter.doFilter(WsFilter.java:51) ~[tomcat-embed-websocket-10.1.49.jar:10.1.49]
	at org.apache.catalina.core.ApplicationFilterChain.internalDoFilter(ApplicationFilterChain.java:162) ~[tomcat-embed-core-10.1.49.jar:10.1.49]
	at org.apache.catalina.core.ApplicationFilterChain.doFilter(ApplicationFilterChain.java:138) ~[tomcat-embed-core-10.1.49.jar:10.1.49]
	at org.springframework.web.filter.RequestContextFilter.doFilterInternal(RequestContextFilter.java:100) ~[spring-web-6.2.14.jar:6.2.14]
	at org.springframework.web.filter.OncePerRequestFilter.doFilter(OncePerRequestFilter.java:116) ~[spring-web-6.2.14.jar:6.2.14]
	at org.apache.catalina.core.ApplicationFilterChain.internalDoFilter(ApplicationFilterChain.java:162) ~[tomcat-embed-core-10.1.49.jar:10.1.49]
	at org.apache.catalina.core.ApplicationFilterChain.doFilter(ApplicationFilterChain.java:138) ~[tomcat-embed-core-10.1.49.jar:10.1.49]
	at org.springframework.web.filter.FormContentFilter.doFilterInternal(FormContentFilter.java:93) ~[spring-web-6.2.14.jar:6.2.14]
	at org.springframework.web.filter.OncePerRequestFilter.doFilter(OncePerRequestFilter.java:116) ~[spring-web-6.2.14.jar:6.2.14]
	at org.apache.catalina.core.ApplicationFilterChain.internalDoFilter(ApplicationFilterChain.java:162) ~[tomcat-embed-core-10.1.49.jar:10.1.49]
	at org.apache.catalina.core.ApplicationFilterChain.doFilter(ApplicationFilterChain.java:138) ~[tomcat-embed-core-10.1.49.jar:10.1.49]
	at org.springframework.web.filter.ServerHttpObservationFilter.doFilterInternal(ServerHttpObservationFilter.java:110) ~[spring-web-6.2.14.jar:6.2.14]
	at org.springframework.web.filter.OncePerRequestFilter.doFilter(OncePerRequestFilter.java:116) ~[spring-web-6.2.14.jar:6.2.14]
	at org.apache.catalina.core.ApplicationFilterChain.internalDoFilter(ApplicationFilterChain.java:162) ~[tomcat-embed-core-10.1.49.jar:10.1.49]
	at org.apache.catalina.core.ApplicationFilterChain.doFilter(ApplicationFilterChain.java:138) ~[tomcat-embed-core-10.1.49.jar:10.1.49]
	at org.springframework.web.filter.CharacterEncodingFilter.doFilterInternal(CharacterEncodingFilter.java:201) ~[spring-web-6.2.14.jar:6.2.14]
	at org.springframework.web.filter.OncePerRequestFilter.doFilter(OncePerRequestFilter.java:116) ~[spring-web-6.2.14.jar:6.2.14]
	at org.apache.catalina.core.ApplicationFilterChain.internalDoFilter(ApplicationFilterChain.java:162) ~[tomcat-embed-core-10.1.49.jar:10.1.49]
	at org.apache.catalina.core.ApplicationFilterChain.doFilter(ApplicationFilterChain.java:138) ~[tomcat-embed-core-10.1.49.jar:10.1.49]
	at org.apache.catalina.core.StandardWrapperValve.invoke(StandardWrapperValve.java:165) ~[tomcat-embed-core-10.1.49.jar:10.1.49]
	at org.apache.catalina.core.StandardContextValve.invoke(StandardContextValve.java:88) ~[tomcat-embed-core-10.1.49.jar:10.1.49]
	at org.apache.catalina.authenticator.AuthenticatorBase.invoke(AuthenticatorBase.java:482) ~[tomcat-embed-core-10.1.49.jar:10.1.49]
	at org.apache.catalina.core.StandardHostValve.invoke(StandardHostValve.java:113) ~[tomcat-embed-core-10.1.49.jar:10.1.49]
	at org.apache.catalina.valves.ErrorReportValve.invoke(ErrorReportValve.java:83) ~[tomcat-embed-core-10.1.49.jar:10.1.49]
	at org.apache.catalina.core.StandardEngineValve.invoke(StandardEngineValve.java:72) ~[tomcat-embed-core-10.1.49.jar:10.1.49]
	at org.apache.catalina.connector.CoyoteAdapter.service(CoyoteAdapter.java:342) ~[tomcat-embed-core-10.1.49.jar:10.1.49]
	at org.apache.coyote.http11.Http11Processor.service(Http11Processor.java:399) ~[tomcat-embed-core-10.1.49.jar:10.1.49]
	at org.apache.coyote.AbstractProcessorLight.process(AbstractProcessorLight.java:63) ~[tomcat-embed-core-10.1.49.jar:10.1.49]
	at org.apache.coyote.AbstractProtocol$ConnectionHandler.process(AbstractProtocol.java:903) ~[tomcat-embed-core-10.1.49.jar:10.1.49]
	at org.apache.tomcat.util.net.NioEndpoint$SocketProcessor.doRun(NioEndpoint.java:1774) ~[tomcat-embed-core-10.1.49.jar:10.1.49]
	at org.apache.tomcat.util.net.SocketProcessorBase.run(SocketProcessorBase.java:52) ~[tomcat-embed-core-10.1.49.jar:10.1.49]
	at org.apache.tomcat.util.threads.ThreadPoolExecutor.runWorker(ThreadPoolExecutor.java:973) ~[tomcat-embed-core-10.1.49.jar:10.1.49]
	at org.apache.tomcat.util.threads.ThreadPoolExecutor$Worker.run(ThreadPoolExecutor.java:491) ~[tomcat-embed-core-10.1.49.jar:10.1.49]
	at org.apache.tomcat.util.threads.TaskThread$WrappingRunnable.run(TaskThread.java:63) ~[tomcat-embed-core-10.1.49.jar:10.1.49]
	at java.base/java.lang.Thread.run(Thread.java:1583) ~[na:na]

2026-01-14T16:18:17.792+03:00  INFO 26268 --- [country] [http-nio-8088-exec-3] r.s.country.controller.VisitController   : Called post add
2026-01-14T16:18:17.855+03:00 DEBUG 26268 --- [country] [http-nio-8088-exec-3] org.hibernate.SQL                        : select count(*) from users ue1_0 where ue1_0.id=?
2026-01-14T16:18:17.869+03:00 DEBUG 26268 --- [country] [http-nio-8088-exec-3] org.hibernate.SQL                        : select ve1_0.id,ve1_0.archived,ve1_0.country,ve1_0.last_modify_date,ve1_0.rating,ve1_0.user_id from visit ve1_0 where ve1_0.id=?
2026-01-14T16:18:17.894+03:00  INFO 26268 --- [country] [http-nio-8088-exec-3] r.sentidas.country.service.VisitService  : Created visit cea007af-a224-4ce6-b323-b85239aa1a41 for user 55eb425a-0f4d-47c7-8566-db64063be5d8
2026-01-14T16:18:17.914+03:00 DEBUG 26268 --- [country] [http-nio-8088-exec-3] org.hibernate.SQL                        : insert into visit (archived,country,last_modify_date,rating,user_id,id) values (?,?,?,?,?,?)
2026-01-14T18:33:34.427+03:00  WARN 26268 --- [country] [HikariPool-1:housekeeper] com.zaxxer.hikari.pool.HikariPool        : HikariPool-1 - Thread starvation or clock leap detected (housekeeper delta=1h7m54s707ms211µs300ns).
2026-01-14T18:48:29.572+03:00  WARN 26268 --- [country] [HikariPool-1:housekeeper] com.zaxxer.hikari.pool.HikariPool        : HikariPool-1 - Thread starvation or clock leap detected (housekeeper delta=54s934ms516µs300ns).
2026-01-14T19:27:09.078+03:00  INFO 26268 --- [country] [SpringApplicationShutdownHook] o.s.b.w.e.tomcat.GracefulShutdown        : Commencing graceful shutdown. Waiting for active requests to complete
2026-01-14T19:27:09.158+03:00  INFO 26268 --- [country] [tomcat-shutdown] o.s.b.w.e.tomcat.GracefulShutdown        : Graceful shutdown complete
2026-01-14T19:27:09.329+03:00  INFO 26268 --- [country] [SpringApplicationShutdownHook] j.LocalContainerEntityManagerFactoryBean : Closing JPA EntityManagerFactory for persistence unit 'default'
2026-01-14T19:27:09.411+03:00  INFO 26268 --- [country] [SpringApplicationShutdownHook] com.zaxxer.hikari.HikariDataSource       : HikariPool-1 - Shutdown initiated...
2026-01-14T19:27:09.436+03:00  INFO 26268 --- [country] [SpringApplicationShutdownHook] com.zaxxer.hikari.HikariDataSource       : HikariPool-1 - Shutdown completed.
